EN rd_logic_pkt_fifo NULL /home/cc/cs150/fa013/class/cs150-ar/fa13_team06/hardware/src/sram/fifo/tmp/./_cg/_dbg/./fifo_generator_v9_3/ramfifo/rd_logic_pkt_fifo.vhd sub00/vhpl48 1385031612
AR wr_dc_fwft_ext_as xilinx /home/cc/cs150/fa013/class/cs150-ar/fa13_team06/hardware/src/sram/fifo/tmp/./_cg/_dbg/./fifo_generator_v9_3/ramfifo/wr_dc_fwft_ext_as.vhd sub00/vhpl67 1385031631
EN wr_bin_cntr NULL /home/cc/cs150/fa013/class/cs150-ar/fa13_team06/hardware/src/sram/fifo/tmp/./_cg/_dbg/./fifo_generator_v9_3/ramfifo/wr_bin_cntr.vhd sub00/vhpl20 1385031584
EN wgtr NULL /home/cc/cs150/fa013/class/cs150-ar/fa13_team06/hardware/src/sram/fifo/tmp/./_cg/_dbg/./fifo_generator_v9_3/fifo16_patch/wgtr.vhd sub01/vhpl115 1385031679
AR input_block_fifo16_patch xilinx /home/cc/cs150/fa013/class/cs150-ar/fa13_team06/hardware/src/sram/fifo/tmp/./_cg/_dbg/./fifo_generator_v9_3/fifo16_patch/input_block_fifo16_patch.vhd sub01/vhpl118 1385031682
EN wr_logic NULL /home/cc/cs150/fa013/class/cs150-ar/fa13_team06/hardware/src/sram/fifo/tmp/./_cg/_dbg/./fifo_generator_v9_3/ramfifo/wr_logic.vhd sub00/vhpl68 1385031632
EN bin_cntr NULL /home/cc/cs150/fa013/class/cs150-ar/fa13_team06/hardware/src/sram/fifo/tmp/./_cg/_dbg/./fifo_generator_v9_3/builtin/bin_cntr.vhd sub00/vhpl91 1385031655
AR dc_ss xilinx /home/cc/cs150/fa013/class/cs150-ar/fa13_team06/hardware/src/sram/fifo/tmp/./_cg/_dbg/./fifo_generator_v9_3/ramfifo/dc_ss.vhd sub00/vhpl41 1385031605
AR fifo16_patch_top xilinx /home/cc/cs150/fa013/class/cs150-ar/fa13_team06/hardware/src/sram/fifo/tmp/./_cg/_dbg/./fifo_generator_v9_3/fifo16_patch/fifo16_patch_top.vhd sub01/vhpl122 1385031686
EN fifo_generator_v9_3_xst NULL /home/cc/cs150/fa013/class/cs150-ar/fa13_team06/hardware/src/sram/fifo/tmp/./_cg/_dbg/./fifo_generator_v9_3/fifo_generator_v9_3_xst.vhd sub01/vhpl129 1385031693
PB fifo_generator_v9_3_pkg fifo_generator_v9_3_pkg /home/cc/cs150/fa013/class/cs150-ar/fa13_team06/hardware/src/sram/fifo/tmp/./_cg/_dbg/./fifo_generator_v9_3/fifo_generator_v9_3_pkg.vhd sub00/vhpl01 1385031565
EN dmem NULL /home/cc/cs150/fa013/class/cs150-ar/fa13_team06/hardware/src/sram/fifo/tmp/./_cg/_dbg/./fifo_generator_v9_3/ramfifo/dmem.vhd sub00/vhpl14 1385031578
AR rd_dc_as xilinx /home/cc/cs150/fa013/class/cs150-ar/fa13_team06/hardware/src/sram/fifo/tmp/./_cg/_dbg/./fifo_generator_v9_3/ramfifo/rd_dc_as.vhd sub00/vhpl37 1385031601
EN builtin_extdepth_v6 NULL /home/cc/cs150/fa013/class/cs150-ar/fa13_team06/hardware/src/sram/fifo/tmp/./_cg/_dbg/./fifo_generator_v9_3/builtin/builtin_extdepth_v6.vhd sub01/vhpl105 1385031669
EN reset_builtin NULL /home/cc/cs150/fa013/class/cs150-ar/fa13_team06/hardware/src/sram/fifo/tmp/./_cg/_dbg/./fifo_generator_v9_3/builtin/reset_builtin.vhd sub00/vhpl95 1385031659
AR rd_fwft xilinx /home/cc/cs150/fa013/class/cs150-ar/fa13_team06/hardware/src/sram/fifo/tmp/./_cg/_dbg/./fifo_generator_v9_3/ramfifo/rd_fwft.vhd sub00/vhpl45 1385031609
EN rd_bin_cntr NULL /home/cc/cs150/fa013/class/cs150-ar/fa13_team06/hardware/src/sram/fifo/tmp/./_cg/_dbg/./fifo_generator_v9_3/ramfifo/rd_bin_cntr.vhd sub00/vhpl22 1385031586
AR rd_bin_cntr xilinx /home/cc/cs150/fa013/class/cs150-ar/fa13_team06/hardware/src/sram/fifo/tmp/./_cg/_dbg/./fifo_generator_v9_3/ramfifo/rd_bin_cntr.vhd sub00/vhpl23 1385031587
EN updn_cntr NULL /home/cc/cs150/fa013/class/cs150-ar/fa13_team06/hardware/src/sram/fifo/tmp/./_cg/_dbg/./fifo_generator_v9_3/ramfifo/updn_cntr.vhd sub00/vhpl24 1385031588
AR fifo_generator_ramfifo xilinx /home/cc/cs150/fa013/class/cs150-ar/fa13_team06/hardware/src/sram/fifo/tmp/./_cg/_dbg/./fifo_generator_v9_3/ramfifo/fifo_generator_ramfifo.vhd sub00/vhpl85 1385031649
AR wr_pf_sshft xilinx /home/cc/cs150/fa013/class/cs150-ar/fa13_team06/hardware/src/sram/fifo/tmp/./_cg/_dbg/./fifo_generator_v9_3/ramfifo/wr_pf_sshft.vhd sub00/vhpl77 1385031641
EN async_fifo NULL /home/cc/cs150/fa013/class/cs150-ar/fa13_team06/hardware/src/sram/fifo/tmp/./_cg/_dbg/./fifo_generator_v9_3/ramfifo/async_fifo.vhd sub00/vhpl82 1385031646
AR reset_blk_ramfifo xilinx /home/cc/cs150/fa013/class/cs150-ar/fa13_team06/hardware/src/sram/fifo/tmp/./_cg/_dbg/./fifo_generator_v9_3/ramfifo/reset_blk_ramfifo.vhd sub00/vhpl51 1385031615
AR fifo_generator_v9_3_xst xilinx /home/cc/cs150/fa013/class/cs150-ar/fa13_team06/hardware/src/sram/fifo/tmp/./_cg/_dbg/./fifo_generator_v9_3/fifo_generator_v9_3_xst.vhd sub01/vhpl130 1385031694
AR builtin_prim_v6 xilinx /home/cc/cs150/fa013/class/cs150-ar/fa13_team06/hardware/src/sram/fifo/tmp/./_cg/_dbg/./fifo_generator_v9_3/builtin/builtin_prim_v6.vhd sub01/vhpl104 1385031668
EN builtin_extdepth NULL /home/cc/cs150/fa013/class/cs150-ar/fa13_team06/hardware/src/sram/fifo/tmp/./_cg/_dbg/./fifo_generator_v9_3/builtin/builtin_extdepth.vhd sub00/vhpl99 1385031663
AR wr_logic xilinx /home/cc/cs150/fa013/class/cs150-ar/fa13_team06/hardware/src/sram/fifo/tmp/./_cg/_dbg/./fifo_generator_v9_3/ramfifo/wr_logic.vhd sub00/vhpl69 1385031633
AR bin_cntr xilinx /home/cc/cs150/fa013/class/cs150-ar/fa13_team06/hardware/src/sram/fifo/tmp/./_cg/_dbg/./fifo_generator_v9_3/builtin/bin_cntr.vhd sub00/vhpl92 1385031656
EN logic_sshft NULL /home/cc/cs150/fa013/class/cs150-ar/fa13_team06/hardware/src/sram/fifo/tmp/./_cg/_dbg/./fifo_generator_v9_3/ramfifo/logic_sshft.vhd sub00/vhpl80 1385031644
EN clk_x_pntrs_builtin NULL /home/cc/cs150/fa013/class/cs150-ar/fa13_team06/hardware/src/sram/fifo/tmp/./_cg/_dbg/./fifo_generator_v9_3/builtin/clk_x_pntrs_builtin.vhd sub00/vhpl89 1385031653
EN fifo_generator_v9_3_fifo16_patch NULL /home/cc/cs150/fa013/class/cs150-ar/fa13_team06/hardware/src/sram/fifo/tmp/./_cg/_dbg/./fifo_generator_v9_3/fifo16_patch/fifo_generator_v9_3_fifo16_patch.vhd sub01/vhpl123 1385031687
EN builtin_prim_v6 NULL /home/cc/cs150/fa013/class/cs150-ar/fa13_team06/hardware/src/sram/fifo/tmp/./_cg/_dbg/./fifo_generator_v9_3/builtin/builtin_prim_v6.vhd sub01/vhpl103 1385031667
AR rd_handshaking_flags xilinx /home/cc/cs150/fa013/class/cs150-ar/fa13_team06/hardware/src/sram/fifo/tmp/./_cg/_dbg/./fifo_generator_v9_3/ramfifo/rd_handshaking_flags.vhd sub00/vhpl35 1385031599
AR builtin_extdepth xilinx /home/cc/cs150/fa013/class/cs150-ar/fa13_team06/hardware/src/sram/fifo/tmp/./_cg/_dbg/./fifo_generator_v9_3/builtin/builtin_extdepth.vhd sub01/vhpl100 1385031664
EN wr_dc_as NULL /home/cc/cs150/fa013/class/cs150-ar/fa13_team06/hardware/src/sram/fifo/tmp/./_cg/_dbg/./fifo_generator_v9_3/ramfifo/wr_dc_as.vhd sub00/vhpl64 1385031628
AR builtin_prim xilinx /home/cc/cs150/fa013/class/cs150-ar/fa13_team06/hardware/src/sram/fifo/tmp/./_cg/_dbg/./fifo_generator_v9_3/builtin/builtin_prim.vhd sub00/vhpl98 1385031662
AR wr_logic_pkt_fifo xilinx /home/cc/cs150/fa013/class/cs150-ar/fa13_team06/hardware/src/sram/fifo/tmp/./_cg/_dbg/./fifo_generator_v9_3/ramfifo/wr_logic_pkt_fifo.vhd sub00/vhpl71 1385031635
AR shft_ram xilinx /home/cc/cs150/fa013/class/cs150-ar/fa13_team06/hardware/src/sram/fifo/tmp/./_cg/_dbg/./fifo_generator_v9_3/common/shft_ram.vhd sub00/vhpl13 1385031577
AR rd_pe_ss xilinx /home/cc/cs150/fa013/class/cs150-ar/fa13_team06/hardware/src/sram/fifo/tmp/./_cg/_dbg/./fifo_generator_v9_3/common/rd_pe_ss.vhd sub00/vhpl33 1385031597
AR rd_dc_fwft_ext_as xilinx /home/cc/cs150/fa013/class/cs150-ar/fa13_team06/hardware/src/sram/fifo/tmp/./_cg/_dbg/./fifo_generator_v9_3/ramfifo/rd_dc_fwft_ext_as.vhd sub00/vhpl39 1385031603
AR builtin_top xilinx /home/cc/cs150/fa013/class/cs150-ar/fa13_team06/hardware/src/sram/fifo/tmp/./_cg/_dbg/./fifo_generator_v9_3/builtin/builtin_top.vhd sub01/vhpl102 1385031666
EN shft_wrapper NULL /home/cc/cs150/fa013/class/cs150-ar/fa13_team06/hardware/src/sram/fifo/tmp/./_cg/_dbg/./fifo_generator_v9_3/common/shft_wrapper.vhd sub00/vhpl10 1385031574
EN dc_ss_fwft NULL /home/cc/cs150/fa013/class/cs150-ar/fa13_team06/hardware/src/sram/fifo/tmp/./_cg/_dbg/./fifo_generator_v9_3/ramfifo/dc_ss_fwft.vhd sub00/vhpl42 1385031606
AR input_blk xilinx /home/cc/cs150/fa013/class/cs150-ar/fa13_team06/hardware/src/sram/fifo/tmp/./_cg/_dbg/./fifo_generator_v9_3/common/input_blk.vhd sub00/vhpl05 1385031569
AR clk_x_pntrs xilinx /home/cc/cs150/fa013/class/cs150-ar/fa13_team06/hardware/src/sram/fifo/tmp/./_cg/_dbg/./fifo_generator_v9_3/ramfifo/clk_x_pntrs.vhd sub00/vhpl53 1385031617
PH fifo_generator_v9_3_defaults NULL /home/cc/cs150/fa013/class/cs150-ar/fa13_team06/hardware/src/sram/fifo/tmp/./_cg/_dbg/./fifo_generator_v9_3/fifo_generator_v9_3_defaults.vhd sub00/vhpl02 1385031566
AR synchronizer_ff xilinx /home/cc/cs150/fa013/class/cs150-ar/fa13_team06/hardware/src/sram/fifo/tmp/./_cg/_dbg/./fifo_generator_v9_3/common/synchronizer_ff.vhd sub00/vhpl09 1385031573
EN synchronizer_ff NULL /home/cc/cs150/fa013/class/cs150-ar/fa13_team06/hardware/src/sram/fifo/tmp/./_cg/_dbg/./fifo_generator_v9_3/common/synchronizer_ff.vhd sub00/vhpl08 1385031572
PH fifo_generator_v9_3_xst_comp NULL /home/cc/cs150/fa013/class/cs150-ar/fa13_team06/hardware/src/sram/fifo/tmp/./_cg/_dbg/./fifo_generator_v9_3/fifo_generator_v9_3_xst_comp.vhd sub00/vhpl03 1385031567
EN wr_handshaking_flags NULL /home/cc/cs150/fa013/class/cs150-ar/fa13_team06/hardware/src/sram/fifo/tmp/./_cg/_dbg/./fifo_generator_v9_3/ramfifo/wr_handshaking_flags.vhd sub00/vhpl62 1385031626
AR delay xilinx /home/cc/cs150/fa013/class/cs150-ar/fa13_team06/hardware/src/sram/fifo/tmp/./_cg/_dbg/./fifo_generator_v9_3/builtin/delay.vhd sub00/vhpl88 1385031652
EN rd_dc_fwft_ext_as NULL /home/cc/cs150/fa013/class/cs150-ar/fa13_team06/hardware/src/sram/fifo/tmp/./_cg/_dbg/./fifo_generator_v9_3/ramfifo/rd_dc_fwft_ext_as.vhd sub00/vhpl38 1385031602
EN builtin_top NULL /home/cc/cs150/fa013/class/cs150-ar/fa13_team06/hardware/src/sram/fifo/tmp/./_cg/_dbg/./fifo_generator_v9_3/builtin/builtin_top.vhd sub01/vhpl101 1385031665
AR shft_wrapper xilinx /home/cc/cs150/fa013/class/cs150-ar/fa13_team06/hardware/src/sram/fifo/tmp/./_cg/_dbg/./fifo_generator_v9_3/common/shft_wrapper.vhd sub00/vhpl11 1385031575
AR dc_ss_fwft xilinx /home/cc/cs150/fa013/class/cs150-ar/fa13_team06/hardware/src/sram/fifo/tmp/./_cg/_dbg/./fifo_generator_v9_3/ramfifo/dc_ss_fwft.vhd sub00/vhpl43 1385031607
EN wr_status_flags_ss NULL /home/cc/cs150/fa013/class/cs150-ar/fa13_team06/hardware/src/sram/fifo/tmp/./_cg/_dbg/./fifo_generator_v9_3/ramfifo/wr_status_flags_ss.vhd sub00/vhpl56 1385031620
EN rd_status_flags_sshft NULL /home/cc/cs150/fa013/class/cs150-ar/fa13_team06/hardware/src/sram/fifo/tmp/./_cg/_dbg/./fifo_generator_v9_3/ramfifo/rd_status_flags_sshft.vhd sub00/vhpl74 1385031638
EN fifo_generator_ramfifo NULL /home/cc/cs150/fa013/class/cs150-ar/fa13_team06/hardware/src/sram/fifo/tmp/./_cg/_dbg/./fifo_generator_v9_3/ramfifo/fifo_generator_ramfifo.vhd sub00/vhpl84 1385031648
AR output_block_fifo16_patch xilinx /home/cc/cs150/fa013/class/cs150-ar/fa13_team06/hardware/src/sram/fifo/tmp/./_cg/_dbg/./fifo_generator_v9_3/fifo16_patch/output_block_fifo16_patch.vhd sub01/vhpl120 1385031684
AR wr_status_flags_sshft xilinx /home/cc/cs150/fa013/class/cs150-ar/fa13_team06/hardware/src/sram/fifo/tmp/./_cg/_dbg/./fifo_generator_v9_3/ramfifo/wr_status_flags_sshft.vhd sub00/vhpl73 1385031637
EN wr_pf_sshft NULL /home/cc/cs150/fa013/class/cs150-ar/fa13_team06/hardware/src/sram/fifo/tmp/./_cg/_dbg/./fifo_generator_v9_3/ramfifo/wr_pf_sshft.vhd sub00/vhpl76 1385031640
AR fifo_generator_top xilinx /home/cc/cs150/fa013/class/cs150-ar/fa13_team06/hardware/src/sram/fifo/tmp/./_cg/_dbg/./fifo_generator_v9_3/fifo_generator_top.vhd sub01/vhpl126 1385031690
EN delay NULL /home/cc/cs150/fa013/class/cs150-ar/fa13_team06/hardware/src/sram/fifo/tmp/./_cg/_dbg/./fifo_generator_v9_3/builtin/delay.vhd sub00/vhpl87 1385031651
EN fifo_generator_v9_3 NULL /home/cc/cs150/fa013/class/cs150-ar/fa13_team06/hardware/src/sram/fifo/tmp/./_cg/_dbg/./fifo_generator_v9_3/fifo_generator_v9_3.vhd sub01/vhpl131 1385031695
EN rd_status_flags_ss NULL /home/cc/cs150/fa013/class/cs150-ar/fa13_team06/hardware/src/sram/fifo/tmp/./_cg/_dbg/./fifo_generator_v9_3/ramfifo/rd_status_flags_ss.vhd sub00/vhpl28 1385031592
EN input_blk NULL /home/cc/cs150/fa013/class/cs150-ar/fa13_team06/hardware/src/sram/fifo/tmp/./_cg/_dbg/./fifo_generator_v9_3/common/input_blk.vhd sub00/vhpl04 1385031568
AR fifo_generator_v9_3 xilinx /home/cc/cs150/fa013/class/cs150-ar/fa13_team06/hardware/src/sram/fifo/tmp/./_cg/_dbg/./fifo_generator_v9_3/fifo_generator_v9_3.vhd sub01/vhpl132 1385031696
AR rd_logic_pkt_fifo xilinx /home/cc/cs150/fa013/class/cs150-ar/fa13_team06/hardware/src/sram/fifo/tmp/./_cg/_dbg/./fifo_generator_v9_3/ramfifo/rd_logic_pkt_fifo.vhd sub00/vhpl49 1385031613
AR rd_status_flags_sshft xilinx /home/cc/cs150/fa013/class/cs150-ar/fa13_team06/hardware/src/sram/fifo/tmp/./_cg/_dbg/./fifo_generator_v9_3/ramfifo/rd_status_flags_sshft.vhd sub00/vhpl75 1385031639
EN shft_ram NULL /home/cc/cs150/fa013/class/cs150-ar/fa13_team06/hardware/src/sram/fifo/tmp/./_cg/_dbg/./fifo_generator_v9_3/common/shft_ram.vhd sub00/vhpl12 1385031576
EN rd_pe_ss NULL /home/cc/cs150/fa013/class/cs150-ar/fa13_team06/hardware/src/sram/fifo/tmp/./_cg/_dbg/./fifo_generator_v9_3/common/rd_pe_ss.vhd sub00/vhpl32 1385031596
AR wr_status_flags_as xilinx /home/cc/cs150/fa013/class/cs150-ar/fa13_team06/hardware/src/sram/fifo/tmp/./_cg/_dbg/./fifo_generator_v9_3/ramfifo/wr_status_flags_as.vhd sub00/vhpl55 1385031619
EN fifo_generator_top NULL /home/cc/cs150/fa013/class/cs150-ar/fa13_team06/hardware/src/sram/fifo/tmp/./_cg/_dbg/./fifo_generator_v9_3/fifo_generator_top.vhd sub01/vhpl125 1385031689
EN wr_pf_ss NULL /home/cc/cs150/fa013/class/cs150-ar/fa13_team06/hardware/src/sram/fifo/tmp/./_cg/_dbg/./fifo_generator_v9_3/common/wr_pf_ss.vhd sub00/vhpl60 1385031624
AR memory xilinx /home/cc/cs150/fa013/class/cs150-ar/fa13_team06/hardware/src/sram/fifo/tmp/./_cg/_dbg/./fifo_generator_v9_3/ramfifo/memory.vhd sub00/vhpl17 1385031581
EN rd_pe_sshft NULL /home/cc/cs150/fa013/class/cs150-ar/fa13_team06/hardware/src/sram/fifo/tmp/./_cg/_dbg/./fifo_generator_v9_3/ramfifo/rd_pe_sshft.vhd sub00/vhpl78 1385031642
AR rgtw xilinx /home/cc/cs150/fa013/class/cs150-ar/fa13_team06/hardware/src/sram/fifo/tmp/./_cg/_dbg/./fifo_generator_v9_3/fifo16_patch/rgtw.vhd sub01/vhpl114 1385031678
AR rd_logic xilinx /home/cc/cs150/fa013/class/cs150-ar/fa13_team06/hardware/src/sram/fifo/tmp/./_cg/_dbg/./fifo_generator_v9_3/ramfifo/rd_logic.vhd sub00/vhpl47 1385031611
AR reset_builtin xilinx /home/cc/cs150/fa013/class/cs150-ar/fa13_team06/hardware/src/sram/fifo/tmp/./_cg/_dbg/./fifo_generator_v9_3/builtin/reset_builtin.vhd sub00/vhpl96 1385031660
AR rd_status_flags_as xilinx /home/cc/cs150/fa013/class/cs150-ar/fa13_team06/hardware/src/sram/fifo/tmp/./_cg/_dbg/./fifo_generator_v9_3/ramfifo/rd_status_flags_as.vhd sub00/vhpl27 1385031591
EN logic_builtin NULL /home/cc/cs150/fa013/class/cs150-ar/fa13_team06/hardware/src/sram/fifo/tmp/./_cg/_dbg/./fifo_generator_v9_3/builtin/logic_builtin.vhd sub00/vhpl93 1385031657
EN memory NULL /home/cc/cs150/fa013/class/cs150-ar/fa13_team06/hardware/src/sram/fifo/tmp/./_cg/_dbg/./fifo_generator_v9_3/ramfifo/memory.vhd sub00/vhpl16 1385031580
AR rd_pe_sshft xilinx /home/cc/cs150/fa013/class/cs150-ar/fa13_team06/hardware/src/sram/fifo/tmp/./_cg/_dbg/./fifo_generator_v9_3/ramfifo/rd_pe_sshft.vhd sub00/vhpl79 1385031643
AR output_blk xilinx /home/cc/cs150/fa013/class/cs150-ar/fa13_team06/hardware/src/sram/fifo/tmp/./_cg/_dbg/./fifo_generator_v9_3/common/output_blk.vhd sub00/vhpl07 1385031571
EN wr_logic_pkt_fifo NULL /home/cc/cs150/fa013/class/cs150-ar/fa13_team06/hardware/src/sram/fifo/tmp/./_cg/_dbg/./fifo_generator_v9_3/ramfifo/wr_logic_pkt_fifo.vhd sub00/vhpl70 1385031634
EN output_block_fifo16_patch NULL /home/cc/cs150/fa013/class/cs150-ar/fa13_team06/hardware/src/sram/fifo/tmp/./_cg/_dbg/./fifo_generator_v9_3/fifo16_patch/output_block_fifo16_patch.vhd sub01/vhpl119 1385031683
EN builtin_prim NULL /home/cc/cs150/fa013/class/cs150-ar/fa13_team06/hardware/src/sram/fifo/tmp/./_cg/_dbg/./fifo_generator_v9_3/builtin/builtin_prim.vhd sub00/vhpl97 1385031661
EN output_blk NULL /home/cc/cs150/fa013/class/cs150-ar/fa13_team06/hardware/src/sram/fifo/tmp/./_cg/_dbg/./fifo_generator_v9_3/common/output_blk.vhd sub00/vhpl06 1385031570
AR wr_pf_as xilinx /home/cc/cs150/fa013/class/cs150-ar/fa13_team06/hardware/src/sram/fifo/tmp/./_cg/_dbg/./fifo_generator_v9_3/common/wr_pf_as.vhd sub00/vhpl59 1385031623
EN axi_reg_slice NULL /home/cc/cs150/fa013/class/cs150-ar/fa13_team06/hardware/src/sram/fifo/tmp/./_cg/_dbg/./fifo_generator_v9_3/ramfifo/axi_reg_slice.vhd sub01/vhpl127 1385031691
EN builtin_extdepth_low_latency NULL /home/cc/cs150/fa013/class/cs150-ar/fa13_team06/hardware/src/sram/fifo/tmp/./_cg/_dbg/./fifo_generator_v9_3/builtin/builtin_extdepth_low_latency.vhd sub01/vhpl107 1385031671
EN builtin_top_v6 NULL /home/cc/cs150/fa013/class/cs150-ar/fa13_team06/hardware/src/sram/fifo/tmp/./_cg/_dbg/./fifo_generator_v9_3/builtin/builtin_top_v6.vhd sub01/vhpl109 1385031673
AR fifo_generator_v9_3_builtin xilinx /home/cc/cs150/fa013/class/cs150-ar/fa13_team06/hardware/src/sram/fifo/tmp/./_cg/_dbg/./fifo_generator_v9_3/builtin/fifo_generator_v9_3_builtin.vhd sub01/vhpl112 1385031676
AR wr_handshaking_flags xilinx /home/cc/cs150/fa013/class/cs150-ar/fa13_team06/hardware/src/sram/fifo/tmp/./_cg/_dbg/./fifo_generator_v9_3/ramfifo/wr_handshaking_flags.vhd sub00/vhpl63 1385031627
AR builtin_extdepth_v6 xilinx /home/cc/cs150/fa013/class/cs150-ar/fa13_team06/hardware/src/sram/fifo/tmp/./_cg/_dbg/./fifo_generator_v9_3/builtin/builtin_extdepth_v6.vhd sub01/vhpl106 1385031670
EN rd_logic NULL /home/cc/cs150/fa013/class/cs150-ar/fa13_team06/hardware/src/sram/fifo/tmp/./_cg/_dbg/./fifo_generator_v9_3/ramfifo/rd_logic.vhd sub00/vhpl46 1385031610
AR updn_cntr xilinx /home/cc/cs150/fa013/class/cs150-ar/fa13_team06/hardware/src/sram/fifo/tmp/./_cg/_dbg/./fifo_generator_v9_3/ramfifo/updn_cntr.vhd sub00/vhpl25 1385031589
AR logic_builtin xilinx /home/cc/cs150/fa013/class/cs150-ar/fa13_team06/hardware/src/sram/fifo/tmp/./_cg/_dbg/./fifo_generator_v9_3/builtin/logic_builtin.vhd sub00/vhpl94 1385031658
AR builtin_extdepth_low_latency xilinx /home/cc/cs150/fa013/class/cs150-ar/fa13_team06/hardware/src/sram/fifo/tmp/./_cg/_dbg/./fifo_generator_v9_3/builtin/builtin_extdepth_low_latency.vhd sub01/vhpl108 1385031672
AR dmem xilinx /home/cc/cs150/fa013/class/cs150-ar/fa13_team06/hardware/src/sram/fifo/tmp/./_cg/_dbg/./fifo_generator_v9_3/ramfifo/dmem.vhd sub00/vhpl15 1385031579
EN compare NULL /home/cc/cs150/fa013/class/cs150-ar/fa13_team06/hardware/src/sram/fifo/tmp/./_cg/_dbg/./fifo_generator_v9_3/ramfifo/compare.vhd sub00/vhpl18 1385031582
AR wr_dc_as xilinx /home/cc/cs150/fa013/class/cs150-ar/fa13_team06/hardware/src/sram/fifo/tmp/./_cg/_dbg/./fifo_generator_v9_3/ramfifo/wr_dc_as.vhd sub00/vhpl65 1385031629
EN rd_handshaking_flags NULL /home/cc/cs150/fa013/class/cs150-ar/fa13_team06/hardware/src/sram/fifo/tmp/./_cg/_dbg/./fifo_generator_v9_3/ramfifo/rd_handshaking_flags.vhd sub00/vhpl34 1385031598
PH fifo_generator_v9_3_pkg NULL /home/cc/cs150/fa013/class/cs150-ar/fa13_team06/hardware/src/sram/fifo/tmp/./_cg/_dbg/./fifo_generator_v9_3/fifo_generator_v9_3_pkg.vhd sub00/vhpl00 1385031564
AR builtin_top_v6 xilinx /home/cc/cs150/fa013/class/cs150-ar/fa13_team06/hardware/src/sram/fifo/tmp/./_cg/_dbg/./fifo_generator_v9_3/builtin/builtin_top_v6.vhd sub01/vhpl110 1385031674
PH fifo_generator_v9_3_comps_builtin NULL /home/cc/cs150/fa013/class/cs150-ar/fa13_team06/hardware/src/sram/fifo/tmp/./_cg/_dbg/./fifo_generator_v9_3/builtin/fifo_generator_v9_3_comps_builtin.vhd sub00/vhpl86 1385031650
AR async_fifo imp /home/cc/cs150/fa013/class/cs150-ar/fa13_team06/hardware/src/sram/fifo/tmp/./_cg/_dbg/./fifo_generator_v9_3/ramfifo/async_fifo.vhd sub00/vhpl83 1385031647
EN reset_blk_ramfifo NULL /home/cc/cs150/fa013/class/cs150-ar/fa13_team06/hardware/src/sram/fifo/tmp/./_cg/_dbg/./fifo_generator_v9_3/ramfifo/reset_blk_ramfifo.vhd sub00/vhpl50 1385031614
AR wr_status_flags_ss xilinx /home/cc/cs150/fa013/class/cs150-ar/fa13_team06/hardware/src/sram/fifo/tmp/./_cg/_dbg/./fifo_generator_v9_3/ramfifo/wr_status_flags_ss.vhd sub00/vhpl57 1385031621
EN rgtw NULL /home/cc/cs150/fa013/class/cs150-ar/fa13_team06/hardware/src/sram/fifo/tmp/./_cg/_dbg/./fifo_generator_v9_3/fifo16_patch/rgtw.vhd sub01/vhpl113 1385031677
EN rd_dc_as NULL /home/cc/cs150/fa013/class/cs150-ar/fa13_team06/hardware/src/sram/fifo/tmp/./_cg/_dbg/./fifo_generator_v9_3/ramfifo/rd_dc_as.vhd sub00/vhpl36 1385031600
EN rd_fwft NULL /home/cc/cs150/fa013/class/cs150-ar/fa13_team06/hardware/src/sram/fifo/tmp/./_cg/_dbg/./fifo_generator_v9_3/ramfifo/rd_fwft.vhd sub00/vhpl44 1385031608
EN wr_status_flags_as NULL /home/cc/cs150/fa013/class/cs150-ar/fa13_team06/hardware/src/sram/fifo/tmp/./_cg/_dbg/./fifo_generator_v9_3/ramfifo/wr_status_flags_as.vhd sub00/vhpl54 1385031618
EN clk_x_pntrs NULL /home/cc/cs150/fa013/class/cs150-ar/fa13_team06/hardware/src/sram/fifo/tmp/./_cg/_dbg/./fifo_generator_v9_3/ramfifo/clk_x_pntrs.vhd sub00/vhpl52 1385031616
EN dc_ss NULL /home/cc/cs150/fa013/class/cs150-ar/fa13_team06/hardware/src/sram/fifo/tmp/./_cg/_dbg/./fifo_generator_v9_3/ramfifo/dc_ss.vhd sub00/vhpl40 1385031604
EN fifo16_patch_top NULL /home/cc/cs150/fa013/class/cs150-ar/fa13_team06/hardware/src/sram/fifo/tmp/./_cg/_dbg/./fifo_generator_v9_3/fifo16_patch/fifo16_patch_top.vhd sub01/vhpl121 1385031685
AR rd_pe_as xilinx /home/cc/cs150/fa013/class/cs150-ar/fa13_team06/hardware/src/sram/fifo/tmp/./_cg/_dbg/./fifo_generator_v9_3/common/rd_pe_as.vhd sub00/vhpl31 1385031595
AR rd_status_flags_ss xilinx /home/cc/cs150/fa013/class/cs150-ar/fa13_team06/hardware/src/sram/fifo/tmp/./_cg/_dbg/./fifo_generator_v9_3/ramfifo/rd_status_flags_ss.vhd sub00/vhpl29 1385031593
EN wr_dc_fwft_ext_as NULL /home/cc/cs150/fa013/class/cs150-ar/fa13_team06/hardware/src/sram/fifo/tmp/./_cg/_dbg/./fifo_generator_v9_3/ramfifo/wr_dc_fwft_ext_as.vhd sub00/vhpl66 1385031630
AR clk_x_pntrs_builtin xilinx /home/cc/cs150/fa013/class/cs150-ar/fa13_team06/hardware/src/sram/fifo/tmp/./_cg/_dbg/./fifo_generator_v9_3/builtin/clk_x_pntrs_builtin.vhd sub00/vhpl90 1385031654
EN input_block_fifo16_patch NULL /home/cc/cs150/fa013/class/cs150-ar/fa13_team06/hardware/src/sram/fifo/tmp/./_cg/_dbg/./fifo_generator_v9_3/fifo16_patch/input_block_fifo16_patch.vhd sub01/vhpl117 1385031681
EN rd_status_flags_as NULL /home/cc/cs150/fa013/class/cs150-ar/fa13_team06/hardware/src/sram/fifo/tmp/./_cg/_dbg/./fifo_generator_v9_3/ramfifo/rd_status_flags_as.vhd sub00/vhpl26 1385031590
AR axi_reg_slice xilinx /home/cc/cs150/fa013/class/cs150-ar/fa13_team06/hardware/src/sram/fifo/tmp/./_cg/_dbg/./fifo_generator_v9_3/ramfifo/axi_reg_slice.vhd sub01/vhpl128 1385031692
AR wr_pf_ss xilinx /home/cc/cs150/fa013/class/cs150-ar/fa13_team06/hardware/src/sram/fifo/tmp/./_cg/_dbg/./fifo_generator_v9_3/common/wr_pf_ss.vhd sub00/vhpl61 1385031625
EN rd_pe_as NULL /home/cc/cs150/fa013/class/cs150-ar/fa13_team06/hardware/src/sram/fifo/tmp/./_cg/_dbg/./fifo_generator_v9_3/common/rd_pe_as.vhd sub00/vhpl30 1385031594
EN fifo_generator_v9_3_builtin NULL /home/cc/cs150/fa013/class/cs150-ar/fa13_team06/hardware/src/sram/fifo/tmp/./_cg/_dbg/./fifo_generator_v9_3/builtin/fifo_generator_v9_3_builtin.vhd sub01/vhpl111 1385031675
AR compare xilinx /home/cc/cs150/fa013/class/cs150-ar/fa13_team06/hardware/src/sram/fifo/tmp/./_cg/_dbg/./fifo_generator_v9_3/ramfifo/compare.vhd sub00/vhpl19 1385031583
AR logic_sshft xilinx /home/cc/cs150/fa013/class/cs150-ar/fa13_team06/hardware/src/sram/fifo/tmp/./_cg/_dbg/./fifo_generator_v9_3/ramfifo/logic_sshft.vhd sub00/vhpl81 1385031645
EN wr_status_flags_sshft NULL /home/cc/cs150/fa013/class/cs150-ar/fa13_team06/hardware/src/sram/fifo/tmp/./_cg/_dbg/./fifo_generator_v9_3/ramfifo/wr_status_flags_sshft.vhd sub00/vhpl72 1385031636
AR fifo_generator_v9_3_fifo16_patch xilinx /home/cc/cs150/fa013/class/cs150-ar/fa13_team06/hardware/src/sram/fifo/tmp/./_cg/_dbg/./fifo_generator_v9_3/fifo16_patch/fifo_generator_v9_3_fifo16_patch.vhd sub01/vhpl124 1385031688
AR wr_bin_cntr xilinx /home/cc/cs150/fa013/class/cs150-ar/fa13_team06/hardware/src/sram/fifo/tmp/./_cg/_dbg/./fifo_generator_v9_3/ramfifo/wr_bin_cntr.vhd sub00/vhpl21 1385031585
AR wgtr xilinx /home/cc/cs150/fa013/class/cs150-ar/fa13_team06/hardware/src/sram/fifo/tmp/./_cg/_dbg/./fifo_generator_v9_3/fifo16_patch/wgtr.vhd sub01/vhpl116 1385031680
EN wr_pf_as NULL /home/cc/cs150/fa013/class/cs150-ar/fa13_team06/hardware/src/sram/fifo/tmp/./_cg/_dbg/./fifo_generator_v9_3/common/wr_pf_as.vhd sub00/vhpl58 1385031622
