AR blk_mem_gen_prim_wrapper_v4 xilinx /home/cc/cs150/fa013/class/cs150-ar/fa13_team06/hardware/src/sram/fifo/tmp/./_cg/_dbg/./blk_mem_gen_v7_1/blk_mem_gen_prim_wrapper_v4.vhd sub00/vhpl33 1385031529
AR blk_mem_gen_prim_wrapper_s3a_init xilinx /home/cc/cs150/fa013/class/cs150-ar/fa13_team06/hardware/src/sram/fifo/tmp/./_cg/_dbg/./blk_mem_gen_v7_1/blk_mem_gen_prim_wrapper_s3a_init.vhd sub00/vhpl23 1385031519
EN blk_mem_axi_read_fsm NULL /home/cc/cs150/fa013/class/cs150-ar/fa13_team06/hardware/src/sram/fifo/tmp/./_cg/_dbg/./blk_mem_gen_v7_1/blk_mem_axi_read_fsm.vhd sub00/vhpl52 1385031548
EN blk_mem_axi_write_fsm NULL /home/cc/cs150/fa013/class/cs150-ar/fa13_team06/hardware/src/sram/fifo/tmp/./_cg/_dbg/./blk_mem_gen_v7_1/blk_mem_axi_write_fsm.vhd sub00/vhpl56 1385031552
EN blk_mem_gen_v7_1_xst NULL /home/cc/cs150/fa013/class/cs150-ar/fa13_team06/hardware/src/sram/fifo/tmp/./_cg/_dbg/./blk_mem_gen_v7_1/blk_mem_gen_v7_1_xst.vhd sub00/vhpl64 1385031560
EN blk_mem_gen_prim_width NULL /home/cc/cs150/fa013/class/cs150-ar/fa13_team06/hardware/src/sram/fifo/tmp/./_cg/_dbg/./blk_mem_gen_v7_1/blk_mem_gen_prim_width.vhd sub00/vhpl40 1385031536
EN blk_mem_gen_mux NULL /home/cc/cs150/fa013/class/cs150-ar/fa13_team06/hardware/src/sram/fifo/tmp/./_cg/_dbg/./blk_mem_gen_v7_1/blk_mem_gen_mux.vhd sub00/vhpl10 1385031506
EN bindec NULL /home/cc/cs150/fa013/class/cs150-ar/fa13_team06/hardware/src/sram/fifo/tmp/./_cg/_dbg/./blk_mem_gen_v7_1/blk_mem_gen_bindec.vhd sub00/vhpl08 1385031504
PH blk_mem_gen_pkg NULL /home/cc/cs150/fa013/class/cs150-ar/fa13_team06/hardware/src/sram/fifo/tmp/./_cg/_dbg/./blk_mem_gen_v7_1/blk_mem_gen_v7_1_pkg.vhd sub00/vhpl02 1385031498
EN blk_mem_gen_prim_wrapper_s3a_init NULL /home/cc/cs150/fa013/class/cs150-ar/fa13_team06/hardware/src/sram/fifo/tmp/./_cg/_dbg/./blk_mem_gen_v7_1/blk_mem_gen_prim_wrapper_s3a_init.vhd sub00/vhpl22 1385031518
AR blk_mem_input_block xilinx /home/cc/cs150/fa013/class/cs150-ar/fa13_team06/hardware/src/sram/fifo/tmp/./_cg/_dbg/./blk_mem_gen_v7_1/blk_mem_input_block.vhd sub00/vhpl49 1385031545
AR blk_mem_gen_prim_width xilinx /home/cc/cs150/fa013/class/cs150-ar/fa13_team06/hardware/src/sram/fifo/tmp/./_cg/_dbg/./blk_mem_gen_v7_1/blk_mem_gen_prim_width.vhd sub00/vhpl41 1385031537
AR blk_mem_output_block xilinx /home/cc/cs150/fa013/class/cs150-ar/fa13_team06/hardware/src/sram/fifo/tmp/./_cg/_dbg/./blk_mem_gen_v7_1/blk_mem_output_block.vhd sub00/vhpl51 1385031547
EN blk_mem_gen_prim_wrapper_s3_init NULL /home/cc/cs150/fa013/class/cs150-ar/fa13_team06/hardware/src/sram/fifo/tmp/./_cg/_dbg/./blk_mem_gen_v7_1/blk_mem_gen_prim_wrapper_s3_init.vhd sub00/vhpl38 1385031534
AR blk_mem_gen_mux xilinx /home/cc/cs150/fa013/class/cs150-ar/fa13_team06/hardware/src/sram/fifo/tmp/./_cg/_dbg/./blk_mem_gen_v7_1/blk_mem_gen_mux.vhd sub00/vhpl11 1385031507
AR blk_mem_gen_prim_wrapper_v5_init xilinx /home/cc/cs150/fa013/class/cs150-ar/fa13_team06/hardware/src/sram/fifo/tmp/./_cg/_dbg/./blk_mem_gen_v7_1/blk_mem_gen_prim_wrapper_v5_init.vhd sub00/vhpl31 1385031527
EN blk_mem_gen_prim_wrapper_s3a NULL /home/cc/cs150/fa013/class/cs150-ar/fa13_team06/hardware/src/sram/fifo/tmp/./_cg/_dbg/./blk_mem_gen_v7_1/blk_mem_gen_prim_wrapper_s3a.vhd sub00/vhpl20 1385031516
AR blk_mem_axi_read_wrapper blk_mem_axi_read_wrapper_arch /home/cc/cs150/fa013/class/cs150-ar/fa13_team06/hardware/src/sram/fifo/tmp/./_cg/_dbg/./blk_mem_gen_v7_1/blk_mem_axi_read_wrapper.vhd sub00/vhpl55 1385031551
EN blk_mem_gen_prim_wrapper_v4_init NULL /home/cc/cs150/fa013/class/cs150-ar/fa13_team06/hardware/src/sram/fifo/tmp/./_cg/_dbg/./blk_mem_gen_v7_1/blk_mem_gen_prim_wrapper_v4_init.vhd sub00/vhpl34 1385031530
AR blk_mem_axi_write_fsm axi_write_fsm_arch /home/cc/cs150/fa013/class/cs150-ar/fa13_team06/hardware/src/sram/fifo/tmp/./_cg/_dbg/./blk_mem_gen_v7_1/blk_mem_axi_write_fsm.vhd sub00/vhpl57 1385031553
AR blk_mem_gen_prim_wrapper_s3 xilinx /home/cc/cs150/fa013/class/cs150-ar/fa13_team06/hardware/src/sram/fifo/tmp/./_cg/_dbg/./blk_mem_gen_v7_1/blk_mem_gen_prim_wrapper_s3.vhd sub00/vhpl37 1385031533
EN blk_mem_gen_prim_wrapper_s3 NULL /home/cc/cs150/fa013/class/cs150-ar/fa13_team06/hardware/src/sram/fifo/tmp/./_cg/_dbg/./blk_mem_gen_v7_1/blk_mem_gen_prim_wrapper_s3.vhd sub00/vhpl36 1385031532
EN blk_mem_gen_prim_wrapper_s6 NULL /home/cc/cs150/fa013/class/cs150-ar/fa13_team06/hardware/src/sram/fifo/tmp/./_cg/_dbg/./blk_mem_gen_v7_1/blk_mem_gen_prim_wrapper_s6.vhd sub00/vhpl12 1385031508
EN blk_mem_input_block NULL /home/cc/cs150/fa013/class/cs150-ar/fa13_team06/hardware/src/sram/fifo/tmp/./_cg/_dbg/./blk_mem_gen_v7_1/blk_mem_input_block.vhd sub00/vhpl48 1385031544
PH blk_mem_gen_v7_1_defaults NULL /home/cc/cs150/fa013/class/cs150-ar/fa13_team06/hardware/src/sram/fifo/tmp/./_cg/_dbg/./blk_mem_gen_v7_1/blk_mem_gen_v7_1_defaults.vhd sub00/vhpl01 1385031497
EN blk_mem_gen_ecc_encoder NULL /home/cc/cs150/fa013/class/cs150-ar/fa13_team06/hardware/src/sram/fifo/tmp/./_cg/_dbg/./blk_mem_gen_v7_1/blk_mem_gen_ecc_encoder.vhd sub00/vhpl44 1385031540
PH blk_mem_gen_v7_1_xst_comp NULL /home/cc/cs150/fa013/class/cs150-ar/fa13_team06/hardware/src/sram/fifo/tmp/./_cg/_dbg/./blk_mem_gen_v7_1/blk_mem_gen_v7_1_xst_comp.vhd sub00/vhpl00 1385031496
AR blk_mem_gen_ecc_encoder xilinx /home/cc/cs150/fa013/class/cs150-ar/fa13_team06/hardware/src/sram/fifo/tmp/./_cg/_dbg/./blk_mem_gen_v7_1/blk_mem_gen_ecc_encoder.vhd sub00/vhpl45 1385031541
AR blk_mem_axi_read_fsm blk_mem_axi_read_fsm_arch /home/cc/cs150/fa013/class/cs150-ar/fa13_team06/hardware/src/sram/fifo/tmp/./_cg/_dbg/./blk_mem_gen_v7_1/blk_mem_axi_read_fsm.vhd sub00/vhpl53 1385031549
PH blk_mem_min_area_pkg NULL /home/cc/cs150/fa013/class/cs150-ar/fa13_team06/hardware/src/sram/fifo/tmp/./_cg/_dbg/./blk_mem_gen_v7_1/blk_mem_min_area_pkg.vhd sub00/vhpl06 1385031502
AR blk_mem_axi_regs_fwd axi_regs_fwd_arch /home/cc/cs150/fa013/class/cs150-ar/fa13_team06/hardware/src/sram/fifo/tmp/./_cg/_dbg/./blk_mem_gen_v7_1/blk_mem_axi_regs_fwd.vhd sub00/vhpl61 1385031557
EN blk_mem_gen_prim_wrapper_v4 NULL /home/cc/cs150/fa013/class/cs150-ar/fa13_team06/hardware/src/sram/fifo/tmp/./_cg/_dbg/./blk_mem_gen_v7_1/blk_mem_gen_prim_wrapper_v4.vhd sub00/vhpl32 1385031528
EN blk_mem_gen_prim_wrapper_v5 NULL /home/cc/cs150/fa013/class/cs150-ar/fa13_team06/hardware/src/sram/fifo/tmp/./_cg/_dbg/./blk_mem_gen_v7_1/blk_mem_gen_prim_wrapper_v5.vhd sub00/vhpl28 1385031524
EN blk_mem_gen_prim_wrapper_v6 NULL /home/cc/cs150/fa013/class/cs150-ar/fa13_team06/hardware/src/sram/fifo/tmp/./_cg/_dbg/./blk_mem_gen_v7_1/blk_mem_gen_prim_wrapper_v6.vhd sub00/vhpl24 1385031520
EN blk_mem_gen_generic_cstr NULL /home/cc/cs150/fa013/class/cs150-ar/fa13_team06/hardware/src/sram/fifo/tmp/./_cg/_dbg/./blk_mem_gen_v7_1/blk_mem_gen_generic_cstr.vhd sub00/vhpl42 1385031538
EN blk_mem_gen_prim_wrapper_v5_init NULL /home/cc/cs150/fa013/class/cs150-ar/fa13_team06/hardware/src/sram/fifo/tmp/./_cg/_dbg/./blk_mem_gen_v7_1/blk_mem_gen_prim_wrapper_v5_init.vhd sub00/vhpl30 1385031526
AR blk_mem_gen_v7_1 xilinx /home/cc/cs150/fa013/class/cs150-ar/fa13_team06/hardware/src/sram/fifo/tmp/./_cg/_dbg/./blk_mem_gen_v7_1/blk_mem_gen_v7_1.vhd sub00/vhpl67 1385031563
PB blk_mem_min_area_pkg blk_mem_min_area_pkg /home/cc/cs150/fa013/class/cs150-ar/fa13_team06/hardware/src/sram/fifo/tmp/./_cg/_dbg/./blk_mem_gen_v7_1/blk_mem_min_area_pkg.vhd sub00/vhpl07 1385031503
PH blk_mem_gen_getinit_pkg NULL /home/cc/cs150/fa013/class/cs150-ar/fa13_team06/hardware/src/sram/fifo/tmp/./_cg/_dbg/./blk_mem_gen_v7_1/blk_mem_gen_getinit_pkg.vhd sub00/vhpl04 1385031500
AR blk_mem_gen_prim_wrapper_s3a xilinx /home/cc/cs150/fa013/class/cs150-ar/fa13_team06/hardware/src/sram/fifo/tmp/./_cg/_dbg/./blk_mem_gen_v7_1/blk_mem_gen_prim_wrapper_s3a.vhd sub00/vhpl21 1385031517
AR blk_mem_gen_prim_wrapper_v6_init xilinx /home/cc/cs150/fa013/class/cs150-ar/fa13_team06/hardware/src/sram/fifo/tmp/./_cg/_dbg/./blk_mem_gen_v7_1/blk_mem_gen_prim_wrapper_v6_init.vhd sub00/vhpl27 1385031523
AR blk_mem_gen_prim_wrapper_s6_init xilinx /home/cc/cs150/fa013/class/cs150-ar/fa13_team06/hardware/src/sram/fifo/tmp/./_cg/_dbg/./blk_mem_gen_v7_1/blk_mem_gen_prim_wrapper_s6_init.vhd sub00/vhpl15 1385031511
AR blk_mem_gen_prim_wrapper_v6 xilinx /home/cc/cs150/fa013/class/cs150-ar/fa13_team06/hardware/src/sram/fifo/tmp/./_cg/_dbg/./blk_mem_gen_v7_1/blk_mem_gen_prim_wrapper_v6.vhd sub00/vhpl25 1385031521
AR blk_mem_gen_prim_wrapper_s3_init xilinx /home/cc/cs150/fa013/class/cs150-ar/fa13_team06/hardware/src/sram/fifo/tmp/./_cg/_dbg/./blk_mem_gen_v7_1/blk_mem_gen_prim_wrapper_s3_init.vhd sub00/vhpl39 1385031535
PB blk_mem_gen_pkg blk_mem_gen_pkg /home/cc/cs150/fa013/class/cs150-ar/fa13_team06/hardware/src/sram/fifo/tmp/./_cg/_dbg/./blk_mem_gen_v7_1/blk_mem_gen_v7_1_pkg.vhd sub00/vhpl03 1385031499
AR blk_mem_gen_generic_cstr xilinx /home/cc/cs150/fa013/class/cs150-ar/fa13_team06/hardware/src/sram/fifo/tmp/./_cg/_dbg/./blk_mem_gen_v7_1/blk_mem_gen_generic_cstr.vhd sub00/vhpl43 1385031539
PB blk_mem_gen_getinit_pkg blk_mem_gen_getinit_pkg /home/cc/cs150/fa013/class/cs150-ar/fa13_team06/hardware/src/sram/fifo/tmp/./_cg/_dbg/./blk_mem_gen_v7_1/blk_mem_gen_getinit_pkg.vhd sub00/vhpl05 1385031501
EN blk_mem_gen_prim_wrapper_v6_init NULL /home/cc/cs150/fa013/class/cs150-ar/fa13_team06/hardware/src/sram/fifo/tmp/./_cg/_dbg/./blk_mem_gen_v7_1/blk_mem_gen_prim_wrapper_v6_init.vhd sub00/vhpl26 1385031522
EN blk_mem_gen_prim_wrapper_s3adsp NULL /home/cc/cs150/fa013/class/cs150-ar/fa13_team06/hardware/src/sram/fifo/tmp/./_cg/_dbg/./blk_mem_gen_v7_1/blk_mem_gen_prim_wrapper_s3adsp.vhd sub00/vhpl16 1385031512
AR blk_mem_gen_prim_wrapper_s6 xilinx /home/cc/cs150/fa013/class/cs150-ar/fa13_team06/hardware/src/sram/fifo/tmp/./_cg/_dbg/./blk_mem_gen_v7_1/blk_mem_gen_prim_wrapper_s6.vhd sub00/vhpl13 1385031509
EN blk_mem_gen_ecc_decoder NULL /home/cc/cs150/fa013/class/cs150-ar/fa13_team06/hardware/src/sram/fifo/tmp/./_cg/_dbg/./blk_mem_gen_v7_1/blk_mem_gen_ecc_decoder.vhd sub00/vhpl46 1385031542
EN blk_mem_output_block NULL /home/cc/cs150/fa013/class/cs150-ar/fa13_team06/hardware/src/sram/fifo/tmp/./_cg/_dbg/./blk_mem_gen_v7_1/blk_mem_output_block.vhd sub00/vhpl50 1385031546
EN blk_mem_gen_prim_wrapper_s3adsp_init NULL /home/cc/cs150/fa013/class/cs150-ar/fa13_team06/hardware/src/sram/fifo/tmp/./_cg/_dbg/./blk_mem_gen_v7_1/blk_mem_gen_prim_wrapper_s3adsp_init.vhd sub00/vhpl18 1385031514
AR blk_mem_gen_ecc_decoder xilinx /home/cc/cs150/fa013/class/cs150-ar/fa13_team06/hardware/src/sram/fifo/tmp/./_cg/_dbg/./blk_mem_gen_v7_1/blk_mem_gen_ecc_decoder.vhd sub00/vhpl47 1385031543
AR bindec xilinx /home/cc/cs150/fa013/class/cs150-ar/fa13_team06/hardware/src/sram/fifo/tmp/./_cg/_dbg/./blk_mem_gen_v7_1/blk_mem_gen_bindec.vhd sub00/vhpl09 1385031505
EN blk_mem_gen_prim_wrapper_s6_init NULL /home/cc/cs150/fa013/class/cs150-ar/fa13_team06/hardware/src/sram/fifo/tmp/./_cg/_dbg/./blk_mem_gen_v7_1/blk_mem_gen_prim_wrapper_s6_init.vhd sub00/vhpl14 1385031510
EN blk_mem_gen_top NULL /home/cc/cs150/fa013/class/cs150-ar/fa13_team06/hardware/src/sram/fifo/tmp/./_cg/_dbg/./blk_mem_gen_v7_1/blk_mem_gen_top.vhd sub00/vhpl62 1385031558
AR blk_mem_axi_write_wrapper axi_write_wrap_arch /home/cc/cs150/fa013/class/cs150-ar/fa13_team06/hardware/src/sram/fifo/tmp/./_cg/_dbg/./blk_mem_gen_v7_1/blk_mem_axi_write_wrapper.vhd sub00/vhpl59 1385031555
AR blk_mem_gen_prim_wrapper_v5 xilinx /home/cc/cs150/fa013/class/cs150-ar/fa13_team06/hardware/src/sram/fifo/tmp/./_cg/_dbg/./blk_mem_gen_v7_1/blk_mem_gen_prim_wrapper_v5.vhd sub00/vhpl29 1385031525
EN blk_mem_axi_regs_fwd NULL /home/cc/cs150/fa013/class/cs150-ar/fa13_team06/hardware/src/sram/fifo/tmp/./_cg/_dbg/./blk_mem_gen_v7_1/blk_mem_axi_regs_fwd.vhd sub00/vhpl60 1385031556
AR blk_mem_gen_prim_wrapper_s3adsp xilinx /home/cc/cs150/fa013/class/cs150-ar/fa13_team06/hardware/src/sram/fifo/tmp/./_cg/_dbg/./blk_mem_gen_v7_1/blk_mem_gen_prim_wrapper_s3adsp.vhd sub00/vhpl17 1385031513
AR blk_mem_gen_top xilinx /home/cc/cs150/fa013/class/cs150-ar/fa13_team06/hardware/src/sram/fifo/tmp/./_cg/_dbg/./blk_mem_gen_v7_1/blk_mem_gen_top.vhd sub00/vhpl63 1385031559
EN blk_mem_axi_read_wrapper NULL /home/cc/cs150/fa013/class/cs150-ar/fa13_team06/hardware/src/sram/fifo/tmp/./_cg/_dbg/./blk_mem_gen_v7_1/blk_mem_axi_read_wrapper.vhd sub00/vhpl54 1385031550
EN blk_mem_axi_write_wrapper NULL /home/cc/cs150/fa013/class/cs150-ar/fa13_team06/hardware/src/sram/fifo/tmp/./_cg/_dbg/./blk_mem_gen_v7_1/blk_mem_axi_write_wrapper.vhd sub00/vhpl58 1385031554
EN blk_mem_gen_v7_1 NULL /home/cc/cs150/fa013/class/cs150-ar/fa13_team06/hardware/src/sram/fifo/tmp/./_cg/_dbg/./blk_mem_gen_v7_1/blk_mem_gen_v7_1.vhd sub00/vhpl66 1385031562
AR blk_mem_gen_prim_wrapper_v4_init xilinx /home/cc/cs150/fa013/class/cs150-ar/fa13_team06/hardware/src/sram/fifo/tmp/./_cg/_dbg/./blk_mem_gen_v7_1/blk_mem_gen_prim_wrapper_v4_init.vhd sub00/vhpl35 1385031531
AR blk_mem_gen_v7_1_xst xilinx /home/cc/cs150/fa013/class/cs150-ar/fa13_team06/hardware/src/sram/fifo/tmp/./_cg/_dbg/./blk_mem_gen_v7_1/blk_mem_gen_v7_1_xst.vhd sub00/vhpl65 1385031561
AR blk_mem_gen_prim_wrapper_s3adsp_init xilinx /home/cc/cs150/fa013/class/cs150-ar/fa13_team06/hardware/src/sram/fifo/tmp/./_cg/_dbg/./blk_mem_gen_v7_1/blk_mem_gen_prim_wrapper_s3adsp_init.vhd sub00/vhpl19 1385031515
