EN sram_write_fifo NULL /home/cc/cs150/fa013/class/cs150-ar/fa13_team06/hardware/src/sram/fifo/tmp/./_cg/_dbg/SRAM_WRITE_FIFO.vhd sub00/vhpl00 1385031697
AR sram_write_fifo virtex5 /home/cc/cs150/fa013/class/cs150-ar/fa13_team06/hardware/src/sram/fifo/tmp/./_cg/_dbg/SRAM_WRITE_FIFO.vhd sub00/vhpl01 1385031698
